#-----------------------------------------------------------
# Vivado v2018.2 (64-bit)
# SW Build 2258646 on Thu Jun 14 20:03:12 MDT 2018
# IP Build 2256618 on Thu Jun 14 22:10:49 MDT 2018
# Start of session at: Sun Nov  9 02:29:45 2025
# Process ID: 41892
# Current directory: C:/Users/user/Downloads/Final/Workingversion_711
# Command line: vivado.exe -gui_launcher_event rodinguilauncherevent11484 C:\Users\user\Downloads\Final\Workingversion_711\Workingversion_711.xpr
# Log file: C:/Users/user/Downloads/Final/Workingversion_711/vivado.log
# Journal file: C:/Users/user/Downloads/Final/Workingversion_711\vivado.jou
#-----------------------------------------------------------
start_gui
open_project C:/Users/user/Downloads/Final/Workingversion_711/Workingversion_711.xpr
update_compile_order -fileset sources_1
archive_project C:/Users/user/Downloads/Final/Working.xpr.zip -temp_dir C:/Users/user/Downloads/Final/Workingversion_711/.Xil/Vivado-41892-LAPTOP-Q67A39EE -force -include_local_ip_cache -include_config_settings
